MPLINK 5.08, LINKER
Linker Map File - Created Thu Sep 30 08:21:16 2021

                                 Section Info
                  Section       Type    Address   Location Size(Bytes)
                ---------  ---------  ---------  ---------  ---------
                   .org_0       code   0x000000    program   0x00005c
                   .cinit    romdata   0x00005c    program   0x000002
.config_300000_BUILD/DEFAULT/PRODUCTION/TESTALA    romdata   0x300000    program   0x000001
.config_300001_BUILD/DEFAULT/PRODUCTION/TESTALA    romdata   0x300001    program   0x000001
.config_300002_BUILD/DEFAULT/PRODUCTION/TESTALA    romdata   0x300002    program   0x000001
.config_300003_BUILD/DEFAULT/PRODUCTION/TESTALA    romdata   0x300003    program   0x000001
.config_300005_BUILD/DEFAULT/PRODUCTION/TESTALA    romdata   0x300005    program   0x000001
.config_300006_BUILD/DEFAULT/PRODUCTION/TESTALA    romdata   0x300006    program   0x000001
.config_300008_BUILD/DEFAULT/PRODUCTION/TESTALA    romdata   0x300008    program   0x000001
.config_300009_BUILD/DEFAULT/PRODUCTION/TESTALA    romdata   0x300009    program   0x000001
.config_30000A_BUILD/DEFAULT/PRODUCTION/TESTALA    romdata   0x30000a    program   0x000001
.config_30000B_BUILD/DEFAULT/PRODUCTION/TESTALA    romdata   0x30000b    program   0x000001
.config_30000C_BUILD/DEFAULT/PRODUCTION/TESTALA    romdata   0x30000c    program   0x000001
.config_30000D_BUILD/DEFAULT/PRODUCTION/TESTALA    romdata   0x30000d    program   0x000001



                              Program Memory Usage 
                               Start         End      
                           ---------   ---------      
                            0x000000    0x00005d      
                            0x300000    0x300003      
                            0x300005    0x300006      
                            0x300008    0x30000d      
            106 out of 33048 program addresses used, program memory utilization is 0%



                              Symbols - Sorted by Name
                     Name    Address   Location    Storage File                     
                ---------  ---------  ---------  --------- ---------                
                 INC_TEMP   0x000056    program     static D:\SoftwareWork\WorkSpaces\WorkSpaceMplabX\GitHub\TestAlarma.X\TestAlarma.asm
                     INIT   0x000004    program     static D:\SoftwareWork\WorkSpaces\WorkSpaceMplabX\GitHub\TestAlarma.X\TestAlarma.asm
             LED_AMARILLO   0x000042    program     static D:\SoftwareWork\WorkSpaces\WorkSpaceMplabX\GitHub\TestAlarma.X\TestAlarma.asm
                 LED_ROJO   0x000038    program     static D:\SoftwareWork\WorkSpaces\WorkSpaceMplabX\GitHub\TestAlarma.X\TestAlarma.asm
                LED_VERDE   0x00004c    program     static D:\SoftwareWork\WorkSpaces\WorkSpaceMplabX\GitHub\TestAlarma.X\TestAlarma.asm
       VERIFICAR_VALORMAX   0x00001c    program     static D:\SoftwareWork\WorkSpaces\WorkSpaceMplabX\GitHub\TestAlarma.X\TestAlarma.asm
             Verificar_25   0x00002a    program     static D:\SoftwareWork\WorkSpaces\WorkSpaceMplabX\GitHub\TestAlarma.X\TestAlarma.asm



                              Symbols - Sorted by Address
                     Name    Address   Location    Storage File                     
                ---------  ---------  ---------  --------- ---------                
                     INIT   0x000004    program     static D:\SoftwareWork\WorkSpaces\WorkSpaceMplabX\GitHub\TestAlarma.X\TestAlarma.asm
       VERIFICAR_VALORMAX   0x00001c    program     static D:\SoftwareWork\WorkSpaces\WorkSpaceMplabX\GitHub\TestAlarma.X\TestAlarma.asm
             Verificar_25   0x00002a    program     static D:\SoftwareWork\WorkSpaces\WorkSpaceMplabX\GitHub\TestAlarma.X\TestAlarma.asm
                 LED_ROJO   0x000038    program     static D:\SoftwareWork\WorkSpaces\WorkSpaceMplabX\GitHub\TestAlarma.X\TestAlarma.asm
             LED_AMARILLO   0x000042    program     static D:\SoftwareWork\WorkSpaces\WorkSpaceMplabX\GitHub\TestAlarma.X\TestAlarma.asm
                LED_VERDE   0x00004c    program     static D:\SoftwareWork\WorkSpaces\WorkSpaceMplabX\GitHub\TestAlarma.X\TestAlarma.asm
                 INC_TEMP   0x000056    program     static D:\SoftwareWork\WorkSpaces\WorkSpaceMplabX\GitHub\TestAlarma.X\TestAlarma.asm


