Microchip MPLAB XC8 Compiler V1.41 ()

Linker command line:

-W-3 --edf=C:\Program Files (x86)\Microchip\xc8\v1.41\dat\en_msgs.txt -cs \
  -h+dist/default/production\RELOJ_FECHA.X.production.sym \
  --cmf=dist/default/production\RELOJ_FECHA.X.production.cmf -z -Q18F4550 \
  -oC:\Users\gemus\AppData\Local\Temp\shrg.2 \
  -Mdist/default/production/RELOJ_FECHA.X.production.map -E1 -ver=XC8 \
  -ASTACK=060h-07ffh -pstack=STACK -ACODE=00h-07FFFh -ACONST=00h-07FFFh \
  -ASMALLCONST=0800h-08FFhx120 -AMEDIUMCONST=0800h-07FFFh -ACOMRAM=01h-05Fh \
  -AABS1=00h-07FFh -ABIGRAM=01h-07FFh -ARAM=060h-0FFh,0100h-01FFhx7 \
  -ABANK0=060h-0FFh -ABANK1=0100h-01FFh -ABANK2=0200h-02FFh \
  -ABANK3=0300h-03FFh -ABANK4=0400h-04FFh -ABANK5=0500h-05FFh \
  -ABANK6=0600h-06FFh -ABANK7=0700h-07FFh -ASFR=0F60h-0FFFh \
  -preset_vec=00h,intcode,intcodelo,powerup,init -pramtop=0800h \
  -psmallconst=SMALLCONST -pmediumconst=MEDIUMCONST -pconst=CONST \
  -AFARRAM=00h-00h -ACONFIG=0300000h-030000Dh -pconfig=CONFIG \
  -AIDLOC=0200000h-0200007h -pidloc=IDLOC -AEEDATA=0F00000h-0F000FFh \
  -peeprom_data=EEDATA \
  -prdata=COMRAM,nvrram=COMRAM,nvbit=COMRAM,rbss=COMRAM,rbit=COMRAM \
  -pfarbss=FARRAM,fardata=FARRAM,nvFARRAM=FARRAM \
  -pintsave_regs=BIGRAM,bigbss=BIGRAM,bigdata=BIGRAM -pbss=RAM \
  -pidata=CODE,irdata=CODE,ibigdata=CODE,ifardata=CODE -prparam=COMRAM \
  C:\Users\gemus\AppData\Local\Temp\shrg.obj \
  dist/default/production\RELOJ_FECHA.X.production.obj 

Object code version is 3.11

Machine type is 18F4550

Call graph: (short form)




                Name                               Link     Load   Length Selector   Space Scale
C:\Users\gemus\AppData\Local\Temp\shrg.obj
                init                                  0        0        4        0       0
                idloc                            200000   200000        8   200000       0
                config                           300000   300000        E   300000       0
dist/default/production\RELOJ_FECHA.X.production.obj
                smallconst                          800      800        6      400       0
                text23                              E18      E18       84      403       0
                text22                              F1E      F1E       70      403       0
                text21                             1068     1068       36      403       0
                text20                             109E     109E       34      403       0
                text19                              D8C      D8C       8C      403       0
                text18                             10D2     10D2       2A      403       0
                text17                              FEE      FEE       42      403       0
                text16                              C1C      C1C       BC      403       0
                text15                             1152     1152       14      403       0
                text14                             111C     111C       20      403       0
                text13                              AFA      AFA      122      403       0
                text12                             118C     118C        C      403       0
                text11                              E9C      E9C       82      403       0
                text10                              F8E      F8E       60      403       0
                text9                              1180     1180        C      403       0
                text8                              11A8     11A8        8      403       0
                text7                              1174     1174        C      403       0
                text6                              11A0     11A0        8      403       0
                text5                              1198     1198        8      403       0
                text4                              1166     1166        E      403       0
                text3                               CD8      CD8       B4      403       0
                text2                              113C     113C       16      403       0
                text1                               806      806      17E      403       0
                text0                               984      984      176      403       0
                cstackCOMRAM                         21       21       16        1       1
                dataCOMRAM                            1        1       20        1       1
                bssCOMRAM                            37       37        7        1       1
                bitbssCOMRAM                        1F0       3E        1        1       1     8
                cinit                              1030     1030       38      403       0
                idataCOMRAM                        10FC     10FC       20      403       0

TOTAL           Name                               Link     Load   Length     Space
        CLASS   STACK          

        CLASS   CODE           
                init                                  0        0        4         0
                text23                              E18      E18       84         0
                text22                              F1E      F1E       70         0
                text21                             1068     1068       36         0
                text20                             109E     109E       34         0
                text19                              D8C      D8C       8C         0
                text18                             10D2     10D2       2A         0
                text17                              FEE      FEE       42         0
                text16                              C1C      C1C       BC         0
                text15                             1152     1152       14         0
                text14                             111C     111C       20         0
                text13                              AFA      AFA      122         0
                text12                             118C     118C        C         0
                text11                              E9C      E9C       82         0
                text10                              F8E      F8E       60         0
                text9                              1180     1180        C         0
                text8                              11A8     11A8        8         0
                text7                              1174     1174        C         0
                text6                              11A0     11A0        8         0
                text5                              1198     1198        8         0
                text4                              1166     1166        E         0
                text3                               CD8      CD8       B4         0
                text2                              113C     113C       16         0
                text1                               806      806      17E         0
                text0                               984      984      176         0
                cinit                              1030     1030       38         0
                idataCOMRAM                        10FC     10FC       20         0

        CLASS   CONST          

        CLASS   SMALLCONST     
                smallconst                          800      800        6         0

        CLASS   MEDIUMCONST    

        CLASS   COMRAM         
                cstackCOMRAM                         21       21       16         1
                dataCOMRAM                            1        1       20         1
                bssCOMRAM                            37       37        7         1
                bitbssCOMRAM                        1F0       3E        1         1

        CLASS   ABS1           

        CLASS   BIGRAM         

        CLASS   RAM            

        CLASS   BANK0          

        CLASS   BANK1          

        CLASS   BANK2          

        CLASS   BANK3          

        CLASS   BANK4          

        CLASS   BANK5          

        CLASS   BANK6          

        CLASS   BANK7          

        CLASS   SFR            

        CLASS   FARRAM         

        CLASS   CONFIG         
                config                           300000   300000        E         0

        CLASS   IDLOC          
                idloc                            200000   200000        8         0

        CLASS   EEDATA         



SEGMENTS        Name                           Load    Length   Top    Selector   Space  Class

                reset_vec                      000000  000004  000004         0       0  CODE    
                dataCOMRAM                     000001  00003E  00003F         1       1  COMRAM  
                smallconst                     000800  000006  000806       400       0  SMALLCON
                text1                          000806  0009AA  0011B0       403       0  CODE    
                idloc                          200000  000008  200008    200000       0  IDLOC   
                config                         300000  00000E  30000E    300000       0  CONFIG  


UNUSED ADDRESS RANGES

        Name                Unused          Largest block    Delta
        BANK0            000060-0000FF               A0
        BANK1            000100-0001FF              100
        BANK2            000200-0002FF              100
        BANK3            000300-0003FF              100
        BANK4            000400-0004FF              100
        BANK5            000500-0005FF              100
        BANK6            000600-0006FF              100
        BANK7            000700-0007FF              100
        BIGRAM           00003F-0007FF              7C1
        CODE             000004-0007FF              7FC
                         0011B0-007FFF             6E50
        COMRAM           00003F-00005F               21
        CONST            000004-0007FF              7FC
                         0011B0-007FFF             6E50
        EEDATA           F00000-F000FF              100
        MEDIUMCONST      0011B0-007FFF             6E50
        RAM              000060-0007FF              100
        SFR              000F60-000FFF               A0
        SMALLCONST       0011B0-007FFF              100
        STACK            000060-0007FF              7A0

                                  Symbol Table

?___awdiv                       cstackCOMRAM 000021
?___awmod                       cstackCOMRAM 000021
?___lldiv                       cstackCOMRAM 000021
Anti_rebote@contador            cstackCOMRAM 000022
Anti_rebote@i                   cstackCOMRAM 000023
BCD_a_Decimal@numero            cstackCOMRAM 000022
Decimal_a_BCD@numero            cstackCOMRAM 00002B
Establecer_Hora_Fecha@parametro cstackCOMRAM 00002A
Establecer_Hora_Fecha@x         cstackCOMRAM 00002C
Establecer_Hora_Fecha@y         cstackCOMRAM 000029
I2C_Init@frecuencia             cstackCOMRAM 00002E
I2C_Write@data                  cstackCOMRAM 000021
LCD_Cmd@Command                 cstackCOMRAM 000023
LCD_Goto@col                    cstackCOMRAM 000025
LCD_Goto@row                    cstackCOMRAM 000024
LCD_Print@LCD_Str               cstackCOMRAM 000023
LCD_Print@i                     cstackCOMRAM 000028
LCD_PutC@LCD_Char               cstackCOMRAM 000023
LCD_Write_Nibble@n              cstackCOMRAM 000022
Parpadeo@j                      cstackCOMRAM 000021
Reloj_Calendario@Date           dataCOMRAM   000001
Reloj_Calendario@Time           dataCOMRAM   000012
_ADCON1                         (abs)        000FC1
_Anti_rebote                    text20       00109E
_BCD_a_Decimal                  text2        00113C
_Decimal_a_BCD                  text21       001068
_Establecer_Hora_Fecha          text13       000AFA
_I2C_Ack                        text12       00118C
_I2C_Init                       text10       000F8E
_I2C_NO_Ack                     text9        001180
_I2C_ReStart                    text8        0011A8
_I2C_Read                       text7        001174
_I2C_Start                      text6        0011A0
_I2C_Stop                       text5        001198
_I2C_Write                      text4        001166
_LATDbits                       (abs)        000F8C
_LCD_Begin                      text3        000CD8
_LCD_Cmd                        text18       0010D2
_LCD_Goto                       text17       000FEE
_LCD_Print                      text16       000C1C
_LCD_PutC                       text15       001152
_LCD_Write_Nibble               text19       000D8C
_OSCCON                         (abs)        000FD3
_PIR1bits                       (abs)        000F9E
_PORTAbits                      (abs)        000F80
_Parpadeo                       text14       00111C
_RS                             bitbssCOMRAM 0001F0
_Reloj_Calendario               text1        000806
_SSPADD                         (abs)        000FC8
_SSPBUF                         (abs)        000FC9
_SSPCON1bits                    (abs)        000FC6
_SSPCON2                        (abs)        000FC5
_SSPCON2bits                    (abs)        000FC5
_SSPSTATbits                    (abs)        000FC7
_TRISA                          (abs)        000F92
_TRISB                          (abs)        000F93
_TRISDbits                      (abs)        000F95
__CFG_BOR$OFF                   (abs)        000000
__CFG_BORV$3                    (abs)        000000
__CFG_CCP2MX$ON                 (abs)        000000
__CFG_CP0$OFF                   (abs)        000000
__CFG_CP1$OFF                   (abs)        000000
__CFG_CP2$OFF                   (abs)        000000
__CFG_CP3$OFF                   (abs)        000000
__CFG_CPB$OFF                   (abs)        000000
__CFG_CPD$OFF                   (abs)        000000
__CFG_CPUDIV$OSC1_PLL2          (abs)        000000
__CFG_EBTR0$OFF                 (abs)        000000
__CFG_EBTR1$OFF                 (abs)        000000
__CFG_EBTR2$OFF                 (abs)        000000
__CFG_EBTR3$OFF                 (abs)        000000
__CFG_EBTRB$OFF                 (abs)        000000
__CFG_FCMEN$OFF                 (abs)        000000
__CFG_ICPRT$OFF                 (abs)        000000
__CFG_IESO$OFF                  (abs)        000000
__CFG_LPT1OSC$OFF               (abs)        000000
__CFG_LVP$OFF                   (abs)        000000
__CFG_MCLRE$ON                  (abs)        000000
__CFG_PBADEN$ON                 (abs)        000000
__CFG_PLLDIV$1                  (abs)        000000
__CFG_PWRT$OFF                  (abs)        000000
__CFG_STVREN$ON                 (abs)        000000
__CFG_USBDIV$1                  (abs)        000000
__CFG_VREGEN$OFF                (abs)        000000
__CFG_WDT$OFF                   (abs)        000000
__CFG_WDTPS$32768               (abs)        000000
__CFG_WRT0$OFF                  (abs)        000000
__CFG_WRT1$OFF                  (abs)        000000
__CFG_WRT2$OFF                  (abs)        000000
__CFG_WRT3$OFF                  (abs)        000000
__CFG_WRTB$OFF                  (abs)        000000
__CFG_WRTC$OFF                  (abs)        000000
__CFG_WRTD$OFF                  (abs)        000000
__CFG_XINST$OFF                 (abs)        000000
__HRAM                          (abs)        000000
__Habs1                         abs1         000000
__Hbank0                        bank0        000000
__Hbank1                        bank1        000000
__Hbank2                        bank2        000000
__Hbank3                        bank3        000000
__Hbank4                        bank4        000000
__Hbank5                        bank5        000000
__Hbank6                        bank6        000000
__Hbank7                        bank7        000000
__Hbigbss                       bigbss       000000
__Hbigdata                      bigdata      000000
__Hbigram                       bigram       000000
__HbitbssCOMRAM                 bitbssCOMRAM 000000
__Hbss                          bss          000000
__HbssCOMRAM                    bssCOMRAM    000000
__Hcinit                        cinit        000000
__Hclrtext                      clrtext      000000
__Hcomram                       comram       000000
__Hconfig                       config       30000E
__Hconst                        const        000000
__HcstackCOMRAM                 cstackCOMRAM 000000
__Hdata                         data         000000
__HdataCOMRAM                   dataCOMRAM   000000
__Heeprom_data                  eeprom_data  000000
__Hfarbss                       farbss       000000
__Hfardata                      fardata      000000
__Hibigdata                     ibigdata     000000
__Hidata                        idata        000000
__HidataCOMRAM                  idataCOMRAM  000000
__Hidloc                        idloc        200008
__Hifardata                     ifardata     000000
__Hinit                         init         000004
__Hintcode                      intcode      000000
__Hintcode_body                 intcode_body 000000
__Hintcodelo                    intcodelo    000000
__Hintentry                     intentry     000000
__Hintret                       intret       000000
__Hintsave_regs                 intsave_regs 000000
__Hirdata                       irdata       000000
__Hmediumconst                  mediumconst  000000
__HnvFARRAM                     nvFARRAM     000000
__Hnvbit                        nvbit        000000
__Hnvrram                       nvrram       000000
__Hparam                        rparam       000000
__Hpowerup                      powerup      000000
__Hram                          ram          000000
__Hramtop                       ramtop       000800
__Hrbit                         rbit         000000
__Hrbss                         rbss         000000
__Hrdata                        rdata        000000
__Hreset_vec                    reset_vec    000000
__Hrparam                       rparam       000000
__Hsfr                          sfr          000000
__Hsmallconst                   smallconst   000806
__Hspace_0                      (abs)        30000E
__Hspace_1                      (abs)        0001F1
__Hspace_2                      (abs)        000000
__Hstack                        stack        000000
__Hstruct                       struct       000000
__Htemp                         temp         000000
__Htext                         text         000000
__Htext0                        text0        000000
__Htext1                        text1        000000
__Htext10                       text10       000000
__Htext11                       text11       000000
__Htext12                       text12       000000
__Htext13                       text13       000000
__Htext14                       text14       000000
__Htext15                       text15       000000
__Htext16                       text16       000000
__Htext17                       text17       000000
__Htext18                       text18       000000
__Htext19                       text19       000000
__Htext2                        text2        000000
__Htext20                       text20       000000
__Htext21                       text21       000000
__Htext22                       text22       000000
__Htext23                       text23       000000
__Htext3                        text3        000000
__Htext4                        text4        000000
__Htext5                        text5        000000
__Htext6                        text6        000000
__Htext7                        text7        000000
__Htext8                        text8        000000
__Htext9                        text9        000000
__LRAM                          (abs)        000001
__Labs1                         abs1         000000
__Lbank0                        bank0        000000
__Lbank1                        bank1        000000
__Lbank2                        bank2        000000
__Lbank3                        bank3        000000
__Lbank4                        bank4        000000
__Lbank5                        bank5        000000
__Lbank6                        bank6        000000
__Lbank7                        bank7        000000
__Lbigbss                       bigbss       000000
__Lbigdata                      bigdata      000000
__Lbigram                       bigram       000000
__LbitbssCOMRAM                 bitbssCOMRAM 000000
__Lbss                          bss          000000
__LbssCOMRAM                    bssCOMRAM    000000
__Lcinit                        cinit        000000
__Lclrtext                      clrtext      000000
__Lcomram                       comram       000000
__Lconfig                       config       300000
__Lconst                        const        000000
__LcstackCOMRAM                 cstackCOMRAM 000000
__Ldata                         data         000000
__LdataCOMRAM                   dataCOMRAM   000000
__Leeprom_data                  eeprom_data  000000
__Lfarbss                       farbss       000000
__Lfardata                      fardata      000000
__Libigdata                     ibigdata     000000
__Lidata                        idata        000000
__LidataCOMRAM                  idataCOMRAM  000000
__Lidloc                        idloc        200000
__Lifardata                     ifardata     000000
__Linit                         init         000000
__Lintcode                      intcode      000000
__Lintcode_body                 intcode_body 000000
__Lintcodelo                    intcodelo    000000
__Lintentry                     intentry     000000
__Lintret                       intret       000000
__Lintsave_regs                 intsave_regs 000000
__Lirdata                       irdata       000000
__Lmediumconst                  mediumconst  000000
__LnvFARRAM                     nvFARRAM     000000
__Lnvbit                        nvbit        000000
__Lnvrram                       nvrram       000000
__Lparam                        rparam       000000
__Lpowerup                      powerup      000000
__Lram                          ram          000000
__Lramtop                       ramtop       000800
__Lrbit                         rbit         000000
__Lrbss                         rbss         000000
__Lrdata                        rdata        000000
__Lreset_vec                    reset_vec    000000
__Lrparam                       rparam       000000
__Lsfr                          sfr          000000
__Lsmallconst                   smallconst   000800
__Lspace_0                      (abs)        000000
__Lspace_1                      (abs)        000000
__Lspace_2                      (abs)        000000
__Lstack                        stack        000000
__Lstruct                       struct       000000
__Ltemp                         temp         000000
__Ltext                         text         000000
__Ltext0                        text0        000000
__Ltext1                        text1        000000
__Ltext10                       text10       000000
__Ltext11                       text11       000000
__Ltext12                       text12       000000
__Ltext13                       text13       000000
__Ltext14                       text14       000000
__Ltext15                       text15       000000
__Ltext16                       text16       000000
__Ltext17                       text17       000000
__Ltext18                       text18       000000
__Ltext19                       text19       000000
__Ltext2                        text2        000000
__Ltext20                       text20       000000
__Ltext21                       text21       000000
__Ltext22                       text22       000000
__Ltext23                       text23       000000
__Ltext3                        text3        000000
__Ltext4                        text4        000000
__Ltext5                        text5        000000
__Ltext6                        text6        000000
__Ltext7                        text7        000000
__Ltext8                        text8        000000
__Ltext9                        text9        000000
__S0                            (abs)        30000E
__S1                            (abs)        00003F
__S2                            (abs)        000000
___awdiv                        text23       000E18
___awdiv@counter                cstackCOMRAM 000025
___awdiv@dividend               cstackCOMRAM 000021
___awdiv@divisor                cstackCOMRAM 000023
___awdiv@quotient               cstackCOMRAM 000027
___awdiv@sign                   cstackCOMRAM 000026
___awmod                        text22       000F1E
___awmod@counter                cstackCOMRAM 000025
___awmod@dividend               cstackCOMRAM 000021
___awmod@divisor                cstackCOMRAM 000023
___awmod@sign                   cstackCOMRAM 000026
___inthi_sp                     stack        000000
___intlo_sp                     stack        000000
___lldiv                        text11       000E9C
___lldiv@counter                cstackCOMRAM 00002D
___lldiv@dividend               cstackCOMRAM 000021
___lldiv@divisor                cstackCOMRAM 000025
___lldiv@quotient               cstackCOMRAM 000029
___param_bank                   (abs)        000000
___rparam_used                  (abs)        000001
___sp                           stack        000000
__accesstop                     (abs)        000060
__activetblptr                  (abs)        000002
__end_of_Anti_rebote            text20       0010D2
__end_of_BCD_a_Decimal          text2        001152
__end_of_Decimal_a_BCD          text21       00109E
__end_of_Establecer_Hora_Fecha  text13       000C1C
__end_of_I2C_Ack                text12       001198
__end_of_I2C_Init               text10       000FEE
__end_of_I2C_NO_Ack             text9        00118C
__end_of_I2C_ReStart            text8        0011B0
__end_of_I2C_Read               text7        001180
__end_of_I2C_Start              text6        0011A8
__end_of_I2C_Stop               text5        0011A0
__end_of_I2C_Write              text4        001174
__end_of_LCD_Begin              text3        000D8C
__end_of_LCD_Cmd                text18       0010FC
__end_of_LCD_Goto               text17       001030
__end_of_LCD_Print              text16       000CD8
__end_of_LCD_PutC               text15       001166
__end_of_LCD_Write_Nibble       text19       000E18
__end_of_Parpadeo               text14       00113C
__end_of_Reloj_Calendario       text1        000984
__end_of___awdiv                text23       000E9C
__end_of___awmod                text22       000F8E
__end_of___lldiv                text11       000F1E
__end_of__initialization        cinit        00105E
__end_of_main                   text0        000AFA
__initialization                cinit        001030
__mediumconst                   mediumconst  000000
__pbitbssCOMRAM                 bitbssCOMRAM 0001F0
__pbssCOMRAM                    bssCOMRAM    000037
__pcinit                        cinit        001030
__pcstackCOMRAM                 cstackCOMRAM 000021
__pdataCOMRAM                   dataCOMRAM   000001
__pidataCOMRAM                  idataCOMRAM  0010FC
__psmallconst                   smallconst   000800
__ptext0                        text0        000984
__ptext1                        text1        000806
__ptext10                       text10       000F8E
__ptext11                       text11       000E9C
__ptext12                       text12       00118C
__ptext13                       text13       000AFA
__ptext14                       text14       00111C
__ptext15                       text15       001152
__ptext16                       text16       000C1C
__ptext17                       text17       000FEE
__ptext18                       text18       0010D2
__ptext19                       text19       000D8C
__ptext2                        text2        00113C
__ptext20                       text20       00109E
__ptext21                       text21       001068
__ptext22                       text22       000F1E
__ptext23                       text23       000E18
__ptext3                        text3        000CD8
__ptext4                        text4        001166
__ptext5                        text5        001198
__ptext6                        text6        0011A0
__ptext7                        text7        001174
__ptext8                        text8        0011A8
__ptext9                        text9        001180
__ramtop                        ramtop       000800
__size_of_Anti_rebote           (abs)        000000
__size_of_BCD_a_Decimal         (abs)        000000
__size_of_Decimal_a_BCD         (abs)        000000
__size_of_Establecer_Hora_Fecha (abs)        000000
__size_of_I2C_Ack               (abs)        000000
__size_of_I2C_Init              (abs)        000000
__size_of_I2C_NO_Ack            (abs)        000000
__size_of_I2C_ReStart           (abs)        000000
__size_of_I2C_Read              (abs)        000000
__size_of_I2C_Start             (abs)        000000
__size_of_I2C_Stop              (abs)        000000
__size_of_I2C_Write             (abs)        000000
__size_of_LCD_Begin             (abs)        000000
__size_of_LCD_Cmd               (abs)        000000
__size_of_LCD_Goto              (abs)        000000
__size_of_LCD_Print             (abs)        000000
__size_of_LCD_PutC              (abs)        000000
__size_of_LCD_Write_Nibble      (abs)        000000
__size_of_Parpadeo              (abs)        000000
__size_of_Reloj_Calendario      (abs)        000000
__size_of___awdiv               (abs)        000000
__size_of___awmod               (abs)        000000
__size_of___lldiv               (abs)        000000
__size_of_main                  (abs)        000000
__smallconst                    smallconst   000800
_day                            bssCOMRAM    000038
_hours                          bssCOMRAM    00003D
_i                              bssCOMRAM    000037
_main                           text0        000984
_minutes                        bssCOMRAM    00003C
_month                          bssCOMRAM    000039
_seconds                        bssCOMRAM    00003B
_year                           bssCOMRAM    00003A
end_of_initialization           cinit        00105E
intlevel0                       text         000000
intlevel1                       text         000000
intlevel2                       text         000000
intlevel3                       text         000000
stackhi                         (abs)        0007FF
stacklo                         (abs)        000060
start                           init         000000
start_initialization            cinit        001030


FUNCTION INFORMATION:

 *************** function _main *****************
 Defined at:
		line 167 in file "RTC.c"
 Parameters:    Size  Location     Type
		None
 Auto vars:     Size  Location     Type
		None
 Return value:  Size  Location     Type
                  1    wreg      void 
 Registers used:
		wreg, fsr0l, fsr0h, status,2, status,0, tblptrl, tblptrh, tblptru, prodl, prodh, cstack
 Tracked objects:
		On entry : 
		On exit  : 
		Unchanged: 
 Data sizes:     COMRAM   BANK0   BANK1   BANK2   BANK3   BANK4   BANK5   BANK6   BANK7
      Params:         0       0       0       0       0       0       0       0       0
      Locals:         0       0       0       0       0       0       0       0       0
      Temps:          1       0       0       0       0       0       0       0       0
      Totals:         1       0       0       0       0       0       0       0       0
Total ram usage:        1 bytes
 Hardware stack levels required when called:    4
 This function calls:
		_Anti_rebote
		_Decimal_a_BCD
		_Establecer_Hora_Fecha
		_I2C_Ack
		_I2C_Init
		_I2C_NO_Ack
		_I2C_ReStart
		_I2C_Read
		_I2C_Start
		_I2C_Stop
		_I2C_Write
		_LCD_Begin
		_Reloj_Calendario
 This function is called by:
		Startup code after reset
 This function uses a non-reentrant model


 *************** function _Reloj_Calendario *****************
 Defined at:
		line 68 in file "RTC.c"
 Parameters:    Size  Location     Type
		None
 Auto vars:     Size  Location     Type
		None
 Return value:  Size  Location     Type
                  1    wreg      void 
 Registers used:
		wreg, fsr0l, fsr0h, status,2, status,0, tblptrl, tblptrh, tblptru, prodl, prodh, cstack
 Tracked objects:
		On entry : 
		On exit  : 
		Unchanged: 
 Data sizes:     COMRAM   BANK0   BANK1   BANK2   BANK3   BANK4   BANK5   BANK6   BANK7
      Params:         0       0       0       0       0       0       0       0       0
      Locals:         0       0       0       0       0       0       0       0       0
      Temps:          0       0       0       0       0       0       0       0       0
      Totals:         0       0       0       0       0       0       0       0       0
Total ram usage:        0 bytes
 Hardware stack levels used:    1
 Hardware stack levels required when called:    3
 This function calls:
		_BCD_a_Decimal
		_LCD_Goto
		_LCD_Print
		___awdiv
		___awmod
 This function is called by:
		_main
 This function uses a non-reentrant model


 *************** function _BCD_a_Decimal *****************
 Defined at:
		line 54 in file "RTC.c"
 Parameters:    Size  Location     Type
  numero          1    wreg     unsigned char 
 Auto vars:     Size  Location     Type
  numero          1    1[COMRAM] unsigned char 
 Return value:  Size  Location     Type
                  1    wreg      unsigned char 
 Registers used:
		wreg, status,2, status,0, prodl, prodh
 Tracked objects:
		On entry : 
		On exit  : 
		Unchanged: 
 Data sizes:     COMRAM   BANK0   BANK1   BANK2   BANK3   BANK4   BANK5   BANK6   BANK7
      Params:         0       0       0       0       0       0       0       0       0
      Locals:         1       0       0       0       0       0       0       0       0
      Temps:          1       0       0       0       0       0       0       0       0
      Totals:         2       0       0       0       0       0       0       0       0
Total ram usage:        2 bytes
 Hardware stack levels used:    1
 This function calls:
		Nothing
 This function is called by:
		_Reloj_Calendario
 This function uses a non-reentrant model


 *************** function _LCD_Begin *****************
 Defined at:
		line 109 in file "LCD_Librery.h"
 Parameters:    Size  Location     Type
		None
 Auto vars:     Size  Location     Type
		None
 Return value:  Size  Location     Type
                  1    wreg      void 
 Registers used:
		wreg, status,2, status,0, cstack
 Tracked objects:
		On entry : 
		On exit  : 
		Unchanged: 
 Data sizes:     COMRAM   BANK0   BANK1   BANK2   BANK3   BANK4   BANK5   BANK6   BANK7
      Params:         0       0       0       0       0       0       0       0       0
      Locals:         0       0       0       0       0       0       0       0       0
      Temps:          1       0       0       0       0       0       0       0       0
      Totals:         1       0       0       0       0       0       0       0       0
Total ram usage:        1 bytes
 Hardware stack levels used:    1
 Hardware stack levels required when called:    2
 This function calls:
		_LCD_Cmd
 This function is called by:
		_main
 This function uses a non-reentrant model


 *************** function _I2C_Write *****************
 Defined at:
		line 117 in file "I2C.c"
 Parameters:    Size  Location     Type
  data            1    wreg     unsigned char 
 Auto vars:     Size  Location     Type
  data            1    0[COMRAM] unsigned char 
 Return value:  Size  Location     Type
                  1    wreg      void 
 Registers used:
		wreg
 Tracked objects:
		On entry : 
		On exit  : 
		Unchanged: 
 Data sizes:     COMRAM   BANK0   BANK1   BANK2   BANK3   BANK4   BANK5   BANK6   BANK7
      Params:         0       0       0       0       0       0       0       0       0
      Locals:         1       0       0       0       0       0       0       0       0
      Temps:          0       0       0       0       0       0       0       0       0
      Totals:         1       0       0       0       0       0       0       0       0
Total ram usage:        1 bytes
 Hardware stack levels used:    1
 This function calls:
		Nothing
 This function is called by:
		_main
 This function uses a non-reentrant model


 *************** function _I2C_Stop *****************
 Defined at:
		line 64 in file "I2C.c"
 Parameters:    Size  Location     Type
		None
 Auto vars:     Size  Location     Type
		None
 Return value:  Size  Location     Type
                  1    wreg      void 
 Registers used:
		None
 Tracked objects:
		On entry : 
		On exit  : 
		Unchanged: 
 Data sizes:     COMRAM   BANK0   BANK1   BANK2   BANK3   BANK4   BANK5   BANK6   BANK7
      Params:         0       0       0       0       0       0       0       0       0
      Locals:         0       0       0       0       0       0       0       0       0
      Temps:          0       0       0       0       0       0       0       0       0
      Totals:         0       0       0       0       0       0       0       0       0
Total ram usage:        0 bytes
 Hardware stack levels used:    1
 This function calls:
		Nothing
 This function is called by:
		_main
 This function uses a non-reentrant model


 *************** function _I2C_Start *****************
 Defined at:
		line 42 in file "I2C.c"
 Parameters:    Size  Location     Type
		None
 Auto vars:     Size  Location     Type
		None
 Return value:  Size  Location     Type
                  1    wreg      void 
 Registers used:
		None
 Tracked objects:
		On entry : 
		On exit  : 
		Unchanged: 
 Data sizes:     COMRAM   BANK0   BANK1   BANK2   BANK3   BANK4   BANK5   BANK6   BANK7
      Params:         0       0       0       0       0       0       0       0       0
      Locals:         0       0       0       0       0       0       0       0       0
      Temps:          0       0       0       0       0       0       0       0       0
      Totals:         0       0       0       0       0       0       0       0       0
Total ram usage:        0 bytes
 Hardware stack levels used:    1
 This function calls:
		Nothing
 This function is called by:
		_main
 This function uses a non-reentrant model


 *************** function _I2C_Read *****************
 Defined at:
		line 130 in file "I2C.c"
 Parameters:    Size  Location     Type
		None
 Auto vars:     Size  Location     Type
		None
 Return value:  Size  Location     Type
                  1    wreg      unsigned char 
 Registers used:
		wreg, status,2
 Tracked objects:
		On entry : 
		On exit  : 
		Unchanged: 
 Data sizes:     COMRAM   BANK0   BANK1   BANK2   BANK3   BANK4   BANK5   BANK6   BANK7
      Params:         0       0       0       0       0       0       0       0       0
      Locals:         0       0       0       0       0       0       0       0       0
      Temps:          0       0       0       0       0       0       0       0       0
      Totals:         0       0       0       0       0       0       0       0       0
Total ram usage:        0 bytes
 Hardware stack levels used:    1
 This function calls:
		Nothing
 This function is called by:
		_main
 This function uses a non-reentrant model


 *************** function _I2C_ReStart *****************
 Defined at:
		line 53 in file "I2C.c"
 Parameters:    Size  Location     Type
		None
 Auto vars:     Size  Location     Type
		None
 Return value:  Size  Location     Type
                  1    wreg      void 
 Registers used:
		None
 Tracked objects:
		On entry : 
		On exit  : 
		Unchanged: 
 Data sizes:     COMRAM   BANK0   BANK1   BANK2   BANK3   BANK4   BANK5   BANK6   BANK7
      Params:         0       0       0       0       0       0       0       0       0
      Locals:         0       0       0       0       0       0       0       0       0
      Temps:          0       0       0       0       0       0       0       0       0
      Totals:         0       0       0       0       0       0       0       0       0
Total ram usage:        0 bytes
 Hardware stack levels used:    1
 This function calls:
		Nothing
 This function is called by:
		_main
 This function uses a non-reentrant model


 *************** function _I2C_NO_Ack *****************
 Defined at:
		line 96 in file "I2C.c"
 Parameters:    Size  Location     Type
		None
 Auto vars:     Size  Location     Type
		None
 Return value:  Size  Location     Type
                  1    wreg      void 
 Registers used:
		None
 Tracked objects:
		On entry : 
		On exit  : 
		Unchanged: 
 Data sizes:     COMRAM   BANK0   BANK1   BANK2   BANK3   BANK4   BANK5   BANK6   BANK7
      Params:         0       0       0       0       0       0       0       0       0
      Locals:         0       0       0       0       0       0       0       0       0
      Temps:          0       0       0       0       0       0       0       0       0
      Totals:         0       0       0       0       0       0       0       0       0
Total ram usage:        0 bytes
 Hardware stack levels used:    1
 This function calls:
		Nothing
 This function is called by:
		_main
 This function uses a non-reentrant model


 *************** function _I2C_Init *****************
 Defined at:
		line 6 in file "I2C.c"
 Parameters:    Size  Location     Type
  frecuencia      4   13[COMRAM] unsigned long 
 Auto vars:     Size  Location     Type
		None
 Return value:  Size  Location     Type
                  1    wreg      void 
 Registers used:
		wreg, status,2, status,0, cstack
 Tracked objects:
		On entry : 
		On exit  : 
		Unchanged: 
 Data sizes:     COMRAM   BANK0   BANK1   BANK2   BANK3   BANK4   BANK5   BANK6   BANK7
      Params:         4       0       0       0       0       0       0       0       0
      Locals:         0       0       0       0       0       0       0       0       0
      Temps:          4       0       0       0       0       0       0       0       0
      Totals:         8       0       0       0       0       0       0       0       0
Total ram usage:        8 bytes
 Hardware stack levels used:    1
 Hardware stack levels required when called:    1
 This function calls:
		___lldiv
 This function is called by:
		_main
 This function uses a non-reentrant model


 *************** function ___lldiv *****************
 Defined at:
		line 8 in file "C:\Program Files (x86)\Microchip\xc8\v1.41\sources\common\lldiv.c"
 Parameters:    Size  Location     Type
  dividend        4    0[COMRAM] unsigned long 
  divisor         4    4[COMRAM] unsigned long 
 Auto vars:     Size  Location     Type
  quotient        4    8[COMRAM] unsigned long 
  counter         1   12[COMRAM] unsigned char 
 Return value:  Size  Location     Type
                  4    0[COMRAM] unsigned long 
 Registers used:
		wreg, status,2, status,0
 Tracked objects:
		On entry : 
		On exit  : 
		Unchanged: 
 Data sizes:     COMRAM   BANK0   BANK1   BANK2   BANK3   BANK4   BANK5   BANK6   BANK7
      Params:         8       0       0       0       0       0       0       0       0
      Locals:         5       0       0       0       0       0       0       0       0
      Temps:          0       0       0       0       0       0       0       0       0
      Totals:        13       0       0       0       0       0       0       0       0
Total ram usage:       13 bytes
 Hardware stack levels used:    1
 This function calls:
		Nothing
 This function is called by:
		_I2C_Init
 This function uses a non-reentrant model


 *************** function _I2C_Ack *****************
 Defined at:
		line 75 in file "I2C.c"
 Parameters:    Size  Location     Type
		None
 Auto vars:     Size  Location     Type
		None
 Return value:  Size  Location     Type
                  1    wreg      void 
 Registers used:
		None
 Tracked objects:
		On entry : 
		On exit  : 
		Unchanged: 
 Data sizes:     COMRAM   BANK0   BANK1   BANK2   BANK3   BANK4   BANK5   BANK6   BANK7
      Params:         0       0       0       0       0       0       0       0       0
      Locals:         0       0       0       0       0       0       0       0       0
      Temps:          0       0       0       0       0       0       0       0       0
      Totals:         0       0       0       0       0       0       0       0       0
Total ram usage:        0 bytes
 Hardware stack levels used:    1
 This function calls:
		Nothing
 This function is called by:
		_main
 This function uses a non-reentrant model


 *************** function _Establecer_Hora_Fecha *****************
 Defined at:
		line 114 in file "RTC.c"
 Parameters:    Size  Location     Type
  x               1    wreg     unsigned char 
  y               1    8[COMRAM] unsigned char 
  parametro       1    9[COMRAM] unsigned char 
 Auto vars:     Size  Location     Type
  x               1   11[COMRAM] unsigned char 
 Return value:  Size  Location     Type
                  1    wreg      unsigned char 
 Registers used:
		wreg, fsr0l, fsr0h, status,2, status,0, tblptrl, tblptrh, tblptru, prodl, prodh, cstack
 Tracked objects:
		On entry : 
		On exit  : 
		Unchanged: 
 Data sizes:     COMRAM   BANK0   BANK1   BANK2   BANK3   BANK4   BANK5   BANK6   BANK7
      Params:         2       0       0       0       0       0       0       0       0
      Locals:         1       0       0       0       0       0       0       0       0
      Temps:          1       0       0       0       0       0       0       0       0
      Totals:         4       0       0       0       0       0       0       0       0
Total ram usage:        4 bytes
 Hardware stack levels used:    1
 Hardware stack levels required when called:    3
 This function calls:
		_Anti_rebote
		_LCD_Goto
		_LCD_Print
		_LCD_PutC
		_Parpadeo
		___awdiv
		___awmod
 This function is called by:
		_main
 This function uses a non-reentrant model


 *************** function _Parpadeo *****************
 Defined at:
		line 102 in file "RTC.c"
 Parameters:    Size  Location     Type
		None
 Auto vars:     Size  Location     Type
  j               1    0[COMRAM] unsigned char 
 Return value:  Size  Location     Type
                  1    wreg      void 
 Registers used:
		wreg, status,2, status,0
 Tracked objects:
		On entry : 
		On exit  : 
		Unchanged: 
 Data sizes:     COMRAM   BANK0   BANK1   BANK2   BANK3   BANK4   BANK5   BANK6   BANK7
      Params:         0       0       0       0       0       0       0       0       0
      Locals:         1       0       0       0       0       0       0       0       0
      Temps:          0       0       0       0       0       0       0       0       0
      Totals:         1       0       0       0       0       0       0       0       0
Total ram usage:        1 bytes
 Hardware stack levels used:    1
 This function calls:
		Nothing
 This function is called by:
		_Establecer_Hora_Fecha
 This function uses a non-reentrant model


 *************** function _LCD_PutC *****************
 Defined at:
		line 91 in file "LCD_Librery.h"
 Parameters:    Size  Location     Type
  LCD_Char        1    wreg     unsigned char 
 Auto vars:     Size  Location     Type
  LCD_Char        1    2[COMRAM] unsigned char 
 Return value:  Size  Location     Type
                  1    wreg      void 
 Registers used:
		wreg, status,2, status,0, cstack
 Tracked objects:
		On entry : 
		On exit  : 
		Unchanged: 
 Data sizes:     COMRAM   BANK0   BANK1   BANK2   BANK3   BANK4   BANK5   BANK6   BANK7
      Params:         0       0       0       0       0       0       0       0       0
      Locals:         1       0       0       0       0       0       0       0       0
      Temps:          0       0       0       0       0       0       0       0       0
      Totals:         1       0       0       0       0       0       0       0       0
Total ram usage:        1 bytes
 Hardware stack levels used:    1
 Hardware stack levels required when called:    1
 This function calls:
		_LCD_Write_Nibble
 This function is called by:
		_Establecer_Hora_Fecha
 This function uses a non-reentrant model


 *************** function _LCD_Print *****************
 Defined at:
		line 98 in file "LCD_Librery.h"
 Parameters:    Size  Location     Type
  LCD_Str         2    2[COMRAM] PTR unsigned char 
		 -> STR_1(3), Reloj_Calendario@Date(17), Reloj_Calendario@Time(15), 
 Auto vars:     Size  Location     Type
  i               1    7[COMRAM] unsigned char 
 Return value:  Size  Location     Type
                  1    wreg      void 
 Registers used:
		wreg, fsr0l, fsr0h, status,2, status,0, tblptrl, tblptrh, tblptru, prodl, prodh, cstack
 Tracked objects:
		On entry : 
		On exit  : 
		Unchanged: 
 Data sizes:     COMRAM   BANK0   BANK1   BANK2   BANK3   BANK4   BANK5   BANK6   BANK7
      Params:         2       0       0       0       0       0       0       0       0
      Locals:         1       0       0       0       0       0       0       0       0
      Temps:          3       0       0       0       0       0       0       0       0
      Totals:         6       0       0       0       0       0       0       0       0
Total ram usage:        6 bytes
 Hardware stack levels used:    1
 Hardware stack levels required when called:    1
 This function calls:
		_LCD_Write_Nibble
 This function is called by:
		_Reloj_Calendario
		_Establecer_Hora_Fecha
 This function uses a non-reentrant model


 *************** function _LCD_Goto *****************
 Defined at:
		line 72 in file "LCD_Librery.h"
 Parameters:    Size  Location     Type
  col             1    wreg     unsigned char 
  row             1    3[COMRAM] unsigned char 
 Auto vars:     Size  Location     Type
  col             1    4[COMRAM] unsigned char 
 Return value:  Size  Location     Type
                  1    wreg      void 
 Registers used:
		wreg, status,2, status,0, cstack
 Tracked objects:
		On entry : 
		On exit  : 
		Unchanged: 
 Data sizes:     COMRAM   BANK0   BANK1   BANK2   BANK3   BANK4   BANK5   BANK6   BANK7
      Params:         1       0       0       0       0       0       0       0       0
      Locals:         1       0       0       0       0       0       0       0       0
      Temps:          0       0       0       0       0       0       0       0       0
      Totals:         2       0       0       0       0       0       0       0       0
Total ram usage:        2 bytes
 Hardware stack levels used:    1
 Hardware stack levels required when called:    2
 This function calls:
		_LCD_Cmd
 This function is called by:
		_Reloj_Calendario
		_Establecer_Hora_Fecha
 This function uses a non-reentrant model


 *************** function _LCD_Cmd *****************
 Defined at:
		line 63 in file "LCD_Librery.h"
 Parameters:    Size  Location     Type
  Command         1    wreg     unsigned char 
 Auto vars:     Size  Location     Type
  Command         1    2[COMRAM] unsigned char 
 Return value:  Size  Location     Type
                  1    wreg      void 
 Registers used:
		wreg, status,2, status,0, cstack
 Tracked objects:
		On entry : 
		On exit  : 
		Unchanged: 
 Data sizes:     COMRAM   BANK0   BANK1   BANK2   BANK3   BANK4   BANK5   BANK6   BANK7
      Params:         0       0       0       0       0       0       0       0       0
      Locals:         1       0       0       0       0       0       0       0       0
      Temps:          0       0       0       0       0       0       0       0       0
      Totals:         1       0       0       0       0       0       0       0       0
Total ram usage:        1 bytes
 Hardware stack levels used:    1
 Hardware stack levels required when called:    1
 This function calls:
		_LCD_Write_Nibble
 This function is called by:
		_LCD_Goto
		_LCD_Begin
 This function uses a non-reentrant model


 *************** function _LCD_Write_Nibble *****************
 Defined at:
		line 46 in file "LCD_Librery.h"
 Parameters:    Size  Location     Type
  n               1    wreg     unsigned char 
 Auto vars:     Size  Location     Type
  n               1    1[COMRAM] unsigned char 
 Return value:  Size  Location     Type
                  1    wreg      void 
 Registers used:
		wreg, status,2, status,0
 Tracked objects:
		On entry : 
		On exit  : 
		Unchanged: 
 Data sizes:     COMRAM   BANK0   BANK1   BANK2   BANK3   BANK4   BANK5   BANK6   BANK7
      Params:         0       0       0       0       0       0       0       0       0
      Locals:         1       0       0       0       0       0       0       0       0
      Temps:          1       0       0       0       0       0       0       0       0
      Totals:         2       0       0       0       0       0       0       0       0
Total ram usage:        2 bytes
 Hardware stack levels used:    1
 This function calls:
		Nothing
 This function is called by:
		_LCD_Cmd
		_LCD_PutC
		_LCD_Print
 This function uses a non-reentrant model


 *************** function _Anti_rebote *****************
 Defined at:
		line 33 in file "RTC.c"
 Parameters:    Size  Location     Type
		None
 Auto vars:     Size  Location     Type
  i               1    2[COMRAM] unsigned char 
  contador        1    1[COMRAM] unsigned char 
 Return value:  Size  Location     Type
		None               void
 Registers used:
		wreg, status,2, status,0
 Tracked objects:
		On entry : 
		On exit  : 
		Unchanged: 
 Data sizes:     COMRAM   BANK0   BANK1   BANK2   BANK3   BANK4   BANK5   BANK6   BANK7
      Params:         0       0       0       0       0       0       0       0       0
      Locals:         2       0       0       0       0       0       0       0       0
      Temps:          1       0       0       0       0       0       0       0       0
      Totals:         3       0       0       0       0       0       0       0       0
Total ram usage:        3 bytes
 Hardware stack levels used:    1
 This function calls:
		Nothing
 This function is called by:
		_Establecer_Hora_Fecha
		_main
 This function uses a non-reentrant model


 *************** function _Decimal_a_BCD *****************
 Defined at:
		line 61 in file "RTC.c"
 Parameters:    Size  Location     Type
  numero          1    wreg     unsigned char 
 Auto vars:     Size  Location     Type
  numero          1   10[COMRAM] unsigned char 
 Return value:  Size  Location     Type
                  1    wreg      unsigned char 
 Registers used:
		wreg, status,2, status,0, cstack
 Tracked objects:
		On entry : 
		On exit  : 
		Unchanged: 
 Data sizes:     COMRAM   BANK0   BANK1   BANK2   BANK3   BANK4   BANK5   BANK6   BANK7
      Params:         0       0       0       0       0       0       0       0       0
      Locals:         1       0       0       0       0       0       0       0       0
      Temps:          2       0       0       0       0       0       0       0       0
      Totals:         3       0       0       0       0       0       0       0       0
Total ram usage:        3 bytes
 Hardware stack levels used:    1
 Hardware stack levels required when called:    1
 This function calls:
		___awdiv
		___awmod
 This function is called by:
		_main
 This function uses a non-reentrant model


 *************** function ___awmod *****************
 Defined at:
		line 8 in file "C:\Program Files (x86)\Microchip\xc8\v1.41\sources\common\awmod.c"
 Parameters:    Size  Location     Type
  dividend        2    0[COMRAM] int 
  divisor         2    2[COMRAM] int 
 Auto vars:     Size  Location     Type
  sign            1    5[COMRAM] unsigned char 
  counter         1    4[COMRAM] unsigned char 
 Return value:  Size  Location     Type
                  2    0[COMRAM] int 
 Registers used:
		wreg, status,2, status,0
 Tracked objects:
		On entry : 
		On exit  : 
		Unchanged: 
 Data sizes:     COMRAM   BANK0   BANK1   BANK2   BANK3   BANK4   BANK5   BANK6   BANK7
      Params:         4       0       0       0       0       0       0       0       0
      Locals:         2       0       0       0       0       0       0       0       0
      Temps:          0       0       0       0       0       0       0       0       0
      Totals:         6       0       0       0       0       0       0       0       0
Total ram usage:        6 bytes
 Hardware stack levels used:    1
 This function calls:
		Nothing
 This function is called by:
		_Decimal_a_BCD
		_Reloj_Calendario
		_Establecer_Hora_Fecha
 This function uses a non-reentrant model


 *************** function ___awdiv *****************
 Defined at:
		line 8 in file "C:\Program Files (x86)\Microchip\xc8\v1.41\sources\common\awdiv.c"
 Parameters:    Size  Location     Type
  dividend        2    0[COMRAM] int 
  divisor         2    2[COMRAM] int 
 Auto vars:     Size  Location     Type
  quotient        2    6[COMRAM] int 
  sign            1    5[COMRAM] unsigned char 
  counter         1    4[COMRAM] unsigned char 
 Return value:  Size  Location     Type
                  2    0[COMRAM] int 
 Registers used:
		wreg, status,2, status,0
 Tracked objects:
		On entry : 
		On exit  : 
		Unchanged: 
 Data sizes:     COMRAM   BANK0   BANK1   BANK2   BANK3   BANK4   BANK5   BANK6   BANK7
      Params:         4       0       0       0       0       0       0       0       0
      Locals:         4       0       0       0       0       0       0       0       0
      Temps:          0       0       0       0       0       0       0       0       0
      Totals:         8       0       0       0       0       0       0       0       0
Total ram usage:        8 bytes
 Hardware stack levels used:    1
 This function calls:
		Nothing
 This function is called by:
		_Decimal_a_BCD
		_Reloj_Calendario
		_Establecer_Hora_Fecha
 This function uses a non-reentrant model



MODULE INFORMATION

Module		Function		Class		Link	Load	Size
C:\Program Files (x86)\Microchip\xc8\v1.41\sources\common\awdiv.c
		___awdiv       		CODE           	0E18	0000	133

C:\Program Files (x86)\Microchip\xc8\v1.41\sources\common\awdiv.c estimated size: 133

C:\Program Files (x86)\Microchip\xc8\v1.41\sources\common\lldiv.c
		___lldiv       		CODE           	0E9C	0000	131

C:\Program Files (x86)\Microchip\xc8\v1.41\sources\common\lldiv.c estimated size: 131

I2C.c
		_I2C_Write     		CODE           	1166	0000	15
		_I2C_Stop      		CODE           	1198	0000	9
		_I2C_Read      		CODE           	1174	0000	13
		_I2C_Init      		CODE           	0F8E	0000	97
		_I2C_Ack       		CODE           	118C	0000	13
		_I2C_Start     		CODE           	11A0	0000	9
		_I2C_NO_Ack    		CODE           	1180	0000	13
		_I2C_ReStart   		CODE           	11A8	0000	9

I2C.c estimated size: 178

LCD_Librery.h
		_LCD_PutC      		CODE           	1152	0000	21
		_LCD_Cmd       		CODE           	10D2	0000	43
		_LCD_Begin     		CODE           	0CD8	0000	181
		_LCD_Goto      		CODE           	0FEE	0000	67
		_LCD_Print     		CODE           	0C1C	0000	189
		_LCD_Write_Nibble		CODE           	0D8C	0000	141

LCD_Librery.h estimated size: 642

shared
		__initialization		CODE           	1030	0000	47

shared estimated size: 47

C:\Program Files (x86)\Microchip\xc8\v1.41\sources\common\awmod.c
		___awmod       		CODE           	0F1E	0000	113

C:\Program Files (x86)\Microchip\xc8\v1.41\sources\common\awmod.c estimated size: 113

RTC.c
		_Parpadeo      		CODE           	111C	0000	33
		_Anti_rebote   		CODE           	109E	0000	53
		_main          		CODE           	0984	0000	375
		_Reloj_Calendario		CODE           	0806	0000	383
		_BCD_a_Decimal 		CODE           	113C	0000	23
		_Decimal_a_BCD 		CODE           	1068	0000	55
		_Establecer_Hora_Fecha		CODE           	0AFA	0000	291

RTC.c estimated size: 1213

